- query: permits_a_b
  configs:
  - config_b
  - config_a
  numerical_result: 0
  textual_result: config_a permits all connections specified in config_b
